// Jest Snapshot v1, https://goo.gl/fbAQLP

exports[`should render Tile and match snapshot 1`] = `
<div
  className="sc-bdnylx hCphIg"
  onClick={[Function]}
/>
`;
